______________________________________________________________________
 MARVELLOUS AUTOMATION SCRIPT 
 ______________________________________________________________________
______________________________________________________________________
same files are:9
Unique files are : 3
Checksum of files are:3 : 80da27e3413876e2df94a82e307c5eec
Checksum of files are:9 : 80da27e3413876e2df94a82e307c5eec
______________________________________________________________________
[Tue Jul 28 22:48:23 2026] Deleted Ganesh\a - Copy - Copy - Copy.txt
[Tue Jul 28 22:48:23 2026] Deleted Ganesh\a - Copy - Copy.txt
[Tue Jul 28 22:48:23 2026] Deleted Ganesh\a - Copy.txt
[Tue Jul 28 22:48:23 2026] Deleted Ganesh\b - Copy (2) - Copy.txt
[Tue Jul 28 22:48:23 2026] Deleted Ganesh\b - Copy (2).txt
[Tue Jul 28 22:48:23 2026] Deleted Ganesh\b - Copy (3) - Copy.txt
[Tue Jul 28 22:48:23 2026] Deleted Ganesh\c - Copy - Copy - Copy.txt
[Tue Jul 28 22:48:23 2026] Deleted Ganesh\c - Copy - Copy.txt
[Tue Jul 28 22:48:23 2026] Deleted Ganesh\c - Copy.txt
______________________________________________________________________
Total deleted files 9
______________________________________________________________________
