{'username': 'NT AUTHORITY\\SYSTEM', 'name': 'System Idle Process', 'pid': 0}
{'username': 'NT AUTHORITY\\SYSTEM', 'name': 'System', 'pid': 4}
{'username': None, 'name': 'Registry', 'pid': 224}
{'username': 'VAIBHAV\\vaibh', 'name': 'MfeBrowserHost.exe', 'pid': 368}
{'username': None, 'name': 'smss.exe', 'pid': 868}
{'username': None, 'name': 'csrss.exe', 'pid': 1204}
{'username': None, 'name': 'svchost.exe', 'pid': 1284}
{'username': None, 'name': 'wininit.exe', 'pid': 1288}
{'username': 'VAIBHAV\\vaibh', 'name': 'conhost.exe', 'pid': 1404}
{'username': None, 'name': 'services.exe', 'pid': 1424}
{'username': None, 'name': 'lsass.exe', 'pid': 1444}
{'username': None, 'name': 'svchost.exe', 'pid': 1476}
{'username': None, 'name': 'svchost.exe', 'pid': 1512}
{'username': None, 'name': 'svchost.exe', 'pid': 1596}
{'username': None, 'name': 'fontdrvhost.exe', 'pid': 1616}
{'username': 'VAIBHAV\\vaibh', 'name': 'WindowsTerminal.exe', 'pid': 1700}
{'username': None, 'name': 'WUDFHost.exe', 'pid': 1708}
{'username': None, 'name': 'svchost.exe', 'pid': 1764}
{'username': None, 'name': 'svchost.exe', 'pid': 1808}
{'username': 'VAIBHAV\\vaibh', 'name': 'conhost.exe', 'pid': 1884}
{'username': None, 'name': 'svchost.exe', 'pid': 1928}
{'username': None, 'name': 'svchost.exe', 'pid': 1956}
{'username': None, 'name': 'mcshield.exe', 'pid': 2000}
{'username': None, 'name': 'svchost.exe', 'pid': 2020}
{'username': None, 'name': 'svchost.exe', 'pid': 2128}
{'username': None, 'name': 'IntelCpHDCPSvc.exe', 'pid': 2136}
{'username': None, 'name': 'svchost.exe', 'pid': 2164}
{'username': None, 'name': 'WUDFHost.exe', 'pid': 2220}
{'username': None, 'name': 'WUDFHost.exe', 'pid': 2272}
{'username': None, 'name': 'svchost.exe', 'pid': 2312}
{'username': None, 'name': 'svchost.exe', 'pid': 2368}
{'username': None, 'name': 'svchost.exe', 'pid': 2376}
{'username': None, 'name': 'svchost.exe', 'pid': 2516}
{'username': None, 'name': 'MemCompression', 'pid': 2540}
{'username': None, 'name': 'svchost.exe', 'pid': 2652}
{'username': 'VAIBHAV\\vaibh', 'name': 'mscopilot.exe', 'pid': 2736}
{'username': None, 'name': 'svchost.exe', 'pid': 2764}
{'username': None, 'name': 'svchost.exe', 'pid': 2860}
{'username': None, 'name': 'svchost.exe', 'pid': 2984}
{'username': None, 'name': 'svchost.exe', 'pid': 2992}
{'username': None, 'name': 'svchost.exe', 'pid': 3000}
{'username': None, 'name': 'svchost.exe', 'pid': 3124}
{'username': None, 'name': 'svchost.exe', 'pid': 3140}
{'username': None, 'name': 'svchost.exe', 'pid': 3224}
{'username': None, 'name': 'svchost.exe', 'pid': 3240}
{'username': None, 'name': 'svchost.exe', 'pid': 3252}
{'username': 'VAIBHAV\\vaibh', 'name': 'CrossDeviceService.exe', 'pid': 3308}
{'username': None, 'name': 'csrss.exe', 'pid': 3336}
{'username': None, 'name': 'svchost.exe', 'pid': 3340}
{'username': None, 'name': 'svchost.exe', 'pid': 3372}
{'username': None, 'name': 'svchost.exe', 'pid': 3412}
{'username': None, 'name': 'svchost.exe', 'pid': 3472}
{'username': None, 'name': 'svchost.exe', 'pid': 3480}
{'username': None, 'name': 'svchost.exe', 'pid': 3572}
{'username': None, 'name': 'svchost.exe', 'pid': 3668}
{'username': None, 'name': 'svchost.exe', 'pid': 3728}
{'username': None, 'name': 'spoolsv.exe', 'pid': 3800}
{'username': None, 'name': 'httpd.exe', 'pid': 3812}
{'username': None, 'name': 'DAX3API.exe', 'pid': 3832}
{'username': None, 'name': 'svchost.exe', 'pid': 3896}
{'username': None, 'name': 'svchost.exe', 'pid': 3948}
{'username': None, 'name': 'OneApp.IGCC.WinService.exe', 'pid': 4032}
{'username': None, 'name': 'svchost.exe', 'pid': 4044}
{'username': None, 'name': 'Lenovo.Modern.ImController.exe', 'pid': 4068}
{'username': None, 'name': 'FMService64.exe', 'pid': 4112}
{'username': None, 'name': 'svchost.exe', 'pid': 4132}
{'username': None, 'name': 'IntelAudioService.exe', 'pid': 4152}
{'username': None, 'name': 'svchost.exe', 'pid': 4168}
{'username': None, 'name': 'svchost.exe', 'pid': 4184}
{'username': None, 'name': 'ipfsvc.exe', 'pid': 4208}
{'username': None, 'name': 'LenovoUtilityService.exe', 'pid': 4252}
{'username': None, 'name': 'wlanext.exe', 'pid': 4312}
{'username': None, 'name': 'VoiceAssistantService.exe', 'pid': 4356}
{'username': None, 'name': 'mfemms.exe', 'pid': 4372}
{'username': None, 'name': 'PEFService.exe', 'pid': 4384}
{'username': None, 'name': 'mysqld.exe', 'pid': 4400}
{'username': None, 'name': 'ModuleCoreService.exe', 'pid': 4408}
{'username': None, 'name': 'mongod.exe', 'pid': 4416}
{'username': None, 'name': 'SessionService.exe', 'pid': 4440}
{'username': None, 'name': 'svchost.exe', 'pid': 4448}
{'username': None, 'name': 'LNBITSSvc.exe', 'pid': 4472}
{'username': None, 'name': 'LenovoVantageService.exe', 'pid': 4492}
{'username': None, 'name': 'svchost.exe', 'pid': 4508}
{'username': None, 'name': 'RtkAudUService64.exe', 'pid': 4516}
{'username': None, 'name': 'svchost.exe', 'pid': 4524}
{'username': None, 'name': 'svchost.exe', 'pid': 4532}
{'username': None, 'name': 'ipf_uf.exe', 'pid': 4540}
{'username': None, 'name': 'WMIRegistrationService.exe', 'pid': 4548}
{'username': None, 'name': 'MsMpEng.exe', 'pid': 4572}
{'username': None, 'name': 'MpDefenderCoreService.exe', 'pid': 4600}
{'username': None, 'name': 'McCBEntAndInstru.exe', 'pid': 5024}
{'username': None, 'name': 'jhi_service.exe', 'pid': 5352}
{'username': 'VAIBHAV\\vaibh', 'name': 'RuntimeBroker.exe', 'pid': 5400}
{'username': None, 'name': 'svchost.exe', 'pid': 5876}
{'username': None, 'name': 'LenovoVantage-(VantageCoreAddin).exe', 'pid': 6124}
{'username': None, 'name': 'WUDFHost.exe', 'pid': 6412}
{'username': 'VAIBHAV\\vaibh', 'name': 'mscopilot.exe', 'pid': 6568}
{'username': None, 'name': 'MMSSHOST.exe', 'pid': 6620}
{'username': None, 'name': 'WmiPrvSE.exe', 'pid': 6680}
{'username': None, 'name': 'svchost.exe', 'pid': 6704}
{'username': None, 'name': 'unsecapp.exe', 'pid': 6744}
{'username': None, 'name': 'svchost.exe', 'pid': 6788}
{'username': None, 'name': 'mfevtps.exe', 'pid': 6832}
{'username': 'VAIBHAV\\vaibh', 'name': 'msedgewebview2.exe', 'pid': 7028}
{'username': 'VAIBHAV\\vaibh', 'name': 'powershell.exe', 'pid': 7060}
{'username': None, 'name': 'ProtectedModuleHost.exe', 'pid': 7116}
{'username': 'VAIBHAV\\vaibh', 'name': 'OpenConsole.exe', 'pid': 7340}
{'username': 'VAIBHAV\\vaibh', 'name': 'msedge.exe', 'pid': 7596}
{'username': None, 'name': 'httpd.exe', 'pid': 7720}
{'username': None, 'name': 'SecurityHealthService.exe', 'pid': 7788}
{'username': 'VAIBHAV\\vaibh', 'name': 'uihost.exe', 'pid': 7968}
{'username': 'VAIBHAV\\vaibh', 'name': 'powershell.exe', 'pid': 8112}
{'username': None, 'name': 'svchost.exe', 'pid': 8128}
{'username': 'VAIBHAV\\vaibh', 'name': 'OpenConsole.exe', 'pid': 8328}
{'username': 'VAIBHAV\\vaibh', 'name': 'msedgewebview2.exe', 'pid': 8348}
{'username': None, 'name': 'svchost.exe', 'pid': 8412}
{'username': None, 'name': 'svchost.exe', 'pid': 9124}
{'username': None, 'name': 'ModuleCoreService.exe', 'pid': 9452}
{'username': None, 'name': 'conhost.exe', 'pid': 9476}
{'username': 'VAIBHAV\\vaibh', 'name': 'SearchHost.exe', 'pid': 9540}
{'username': None, 'name': 'McCSPServiceHost.exe', 'pid': 9564}
{'username': 'VAIBHAV\\vaibh', 'name': 'Lenovo.Modern.ImController.PluginHost.Device.exe', 'pid': 9588}
{'username': None, 'name': 'svchost.exe', 'pid': 9904}
{'username': None, 'name': 'svchost.exe', 'pid': 9912}
{'username': None, 'name': 'svchost.exe', 'pid': 10128}
{'username': None, 'name': 'WUDFHost.exe', 'pid': 10196}
{'username': None, 'name': 'svchost.exe', 'pid': 10236}
{'username': None, 'name': 'svchost.exe', 'pid': 10660}
{'username': 'VAIBHAV\\vaibh', 'name': 'FileCoAuth.exe', 'pid': 10796}
{'username': 'VAIBHAV\\vaibh', 'name': 'Code.exe', 'pid': 10944}
{'username': None, 'name': 'AggregatorHost.exe', 'pid': 11040}
{'username': 'VAIBHAV\\vaibh', 'name': 'OneDrive.exe', 'pid': 11176}
{'username': None, 'name': 'svchost.exe', 'pid': 11204}
{'username': None, 'name': 'svchost.exe', 'pid': 11212}
{'username': None, 'name': 'svchost.exe', 'pid': 11224}
{'username': 'VAIBHAV\\vaibh', 'name': 'msedgewebview2.exe', 'pid': 11260}
{'username': None, 'name': 'QcShm.exe', 'pid': 11288}
{'username': None, 'name': 'svchost.exe', 'pid': 11504}
{'username': 'VAIBHAV\\vaibh', 'name': 'msedgewebview2.exe', 'pid': 11564}
{'username': None, 'name': 'elevation_service.exe', 'pid': 11664}
{'username': None, 'name': 'conhost.exe', 'pid': 11668}
{'username': 'VAIBHAV\\vaibh', 'name': 'msedge.exe', 'pid': 11884}
{'username': None, 'name': 'svchost.exe', 'pid': 12172}
{'username': 'VAIBHAV\\vaibh', 'name': 'mscopilot.exe', 'pid': 12204}
{'username': None, 'name': 'SearchIndexer.exe', 'pid': 12488}
{'username': None, 'name': 'WmiApSrv.exe', 'pid': 12672}
{'username': 'VAIBHAV\\vaibh', 'name': 'ms-teams.exe', 'pid': 13044}
{'username': 'VAIBHAV\\vaibh', 'name': 'svchost.exe', 'pid': 13080}
{'username': 'VAIBHAV\\vaibh', 'name': 'EpicWebHelper.exe', 'pid': 13196}
{'username': 'VAIBHAV\\vaibh', 'name': 'RuntimeBroker.exe', 'pid': 13440}
{'username': None, 'name': 'svchost.exe', 'pid': 14112}
{'username': None, 'name': 'NisSrv.exe', 'pid': 14388}
{'username': 'VAIBHAV\\vaibh', 'name': 'RuntimeBroker.exe', 'pid': 14536}
{'username': 'VAIBHAV\\vaibh', 'name': 'msedgewebview2.exe', 'pid': 14876}
{'username': 'VAIBHAV\\vaibh', 'name': 'unsecapp.exe', 'pid': 15084}
{'username': 'VAIBHAV\\vaibh', 'name': 'GoogleDriveFS.exe', 'pid': 15176}
{'username': None, 'name': 'svchost.exe', 'pid': 15220}
{'username': None, 'name': 'svchost.exe', 'pid': 15428}
{'username': None, 'name': 'mcapexe.exe', 'pid': 15600}
{'username': 'VAIBHAV\\vaibh', 'name': 'msedgewebview2.exe', 'pid': 15684}
{'username': 'VAIBHAV\\vaibh', 'name': 'WidgetService.exe', 'pid': 15948}
{'username': None, 'name': 'MfeAVSvc.exe', 'pid': 15956}
{'username': 'VAIBHAV\\vaibh', 'name': 'Code.exe', 'pid': 16108}
{'username': 'VAIBHAV\\vaibh', 'name': 'msedgewebview2.exe', 'pid': 16136}
{'username': 'VAIBHAV\\vaibh', 'name': 'sihost.exe', 'pid': 16184}
{'username': None, 'name': 'McCBEntAndInstru.exe', 'pid': 16272}
{'username': 'VAIBHAV\\vaibh', 'name': 'Code.exe', 'pid': 16364}
{'username': None, 'name': 'FileSyncHelper.exe', 'pid': 16412}
{'username': 'VAIBHAV\\vaibh', 'name': 'backgroundTaskHost.exe', 'pid': 16476}
{'username': 'VAIBHAV\\vaibh', 'name': 'svchost.exe', 'pid': 16736}
{'username': None, 'name': 'svchost.exe', 'pid': 16796}
{'username': None, 'name': 'svchost.exe', 'pid': 16900}
{'username': 'VAIBHAV\\vaibh', 'name': 'EpicGamesLauncher.exe', 'pid': 17504}
{'username': None, 'name': 'fontdrvhost.exe', 'pid': 17632}
{'username': 'VAIBHAV\\vaibh', 'name': 'conhost.exe', 'pid': 17644}
{'username': 'VAIBHAV\\vaibh', 'name': 'StartMenuExperienceHost.exe', 'pid': 17788}
{'username': None, 'name': 'svchost.exe', 'pid': 17876}
{'username': 'VAIBHAV\\vaibh', 'name': 'AutoModeDetect.exe', 'pid': 18180}
{'username': 'VAIBHAV\\vaibh', 'name': 'msedgewebview2.exe', 'pid': 18324}
{'username': 'VAIBHAV\\vaibh', 'name': 'msedgewebview2.exe', 'pid': 18912}
{'username': 'VAIBHAV\\vaibh', 'name': 'GoogleDriveFS.exe', 'pid': 19496}
{'username': 'VAIBHAV\\vaibh', 'name': 'conhost.exe', 'pid': 19688}
{'username': None, 'name': 'svchost.exe', 'pid': 19768}
{'username': None, 'name': 'SearchProtocolHost.exe', 'pid': 20044}
{'username': 'VAIBHAV\\vaibh', 'name': 'mscopilot.exe', 'pid': 20060}
{'username': 'VAIBHAV\\vaibh', 'name': 'TextInputHost.exe', 'pid': 20144}
{'username': 'VAIBHAV\\vaibh', 'name': 'McUICnt.exe', 'pid': 20164}
{'username': 'VAIBHAV\\vaibh', 'name': 'svchost.exe', 'pid': 20432}
{'username': 'VAIBHAV\\vaibh', 'name': 'LockApp.exe', 'pid': 20488}
{'username': None, 'name': 'elevation_service.exe', 'pid': 20568}
{'username': None, 'name': 'McUICnt.exe', 'pid': 20576}
{'username': None, 'name': 'WUDFHost.exe', 'pid': 20628}
{'username': None, 'name': 'winlogon.exe', 'pid': 20752}
{'username': None, 'name': 'svchost.exe', 'pid': 20820}
{'username': 'VAIBHAV\\vaibh', 'name': 'taskhostw.exe', 'pid': 20888}
{'username': 'VAIBHAV\\vaibh', 'name': 'svchost.exe', 'pid': 20960}
{'username': None, 'name': 'UDClientService.exe', 'pid': 21048}
{'username': 'VAIBHAV\\vaibh', 'name': 'conhost.exe', 'pid': 21368}
{'username': 'VAIBHAV\\vaibh', 'name': 'chrome.exe', 'pid': 21432}
{'username': 'VAIBHAV\\vaibh', 'name': 'Code.exe', 'pid': 21456}
{'username': 'VAIBHAV\\vaibh', 'name': 'ModuleCoreService.exe', 'pid': 21600}
{'username': 'VAIBHAV\\vaibh', 'name': 'msedgewebview2.exe', 'pid': 21640}
{'username': None, 'name': 'Locator.exe', 'pid': 21952}
{'username': 'VAIBHAV\\vaibh', 'name': 'msedgewebview2.exe', 'pid': 22732}
{'username': 'VAIBHAV\\vaibh', 'name': 'RuntimeBroker.exe', 'pid': 22836}
{'username': None, 'name': 'svchost.exe', 'pid': 23072}
{'username': 'VAIBHAV\\vaibh', 'name': 'mscopilot.exe', 'pid': 23160}
{'username': None, 'name': 'svchost.exe', 'pid': 23844}
{'username': 'VAIBHAV\\vaibh', 'name': 'Code.exe', 'pid': 23888}
{'username': 'VAIBHAV\\vaibh', 'name': 'mscopilot.exe', 'pid': 23944}
{'username': None, 'name': 'svchost.exe', 'pid': 24056}
{'username': None, 'name': 'svchost.exe', 'pid': 24312}
{'username': None, 'name': 'svchost.exe', 'pid': 24408}
{'username': None, 'name': 'svchost.exe', 'pid': 24704}
{'username': 'VAIBHAV\\vaibh', 'name': 'Code.exe', 'pid': 24716}
{'username': None, 'name': 'WmiPrvSE.exe', 'pid': 24872}
{'username': 'VAIBHAV\\vaibh', 'name': 'mscopilot.exe', 'pid': 25284}
{'username': 'VAIBHAV\\vaibh', 'name': 'msedgewebview2.exe', 'pid': 25300}
{'username': 'VAIBHAV\\vaibh', 'name': 'msedge.exe', 'pid': 25360}
{'username': None, 'name': 'svchost.exe', 'pid': 25384}
{'username': 'VAIBHAV\\vaibh', 'name': 'Code.exe', 'pid': 25500}
{'username': None, 'name': 'AppProvisioningPlugin.exe', 'pid': 25648}
{'username': None, 'name': 'svchost.exe', 'pid': 25916}
{'username': None, 'name': 'svchost.exe', 'pid': 26036}
{'username': None, 'name': 'svchost.exe', 'pid': 26088}
{'username': 'VAIBHAV\\vaibh', 'name': 'chrome.exe', 'pid': 26196}
{'username': 'VAIBHAV\\vaibh', 'name': 'msedgewebview2.exe', 'pid': 26200}
{'username': None, 'name': 'svchost.exe', 'pid': 26204}
{'username': 'VAIBHAV\\vaibh', 'name': 'msedgewebview2.exe', 'pid': 26300}
{'username': 'VAIBHAV\\vaibh', 'name': 'conhost.exe', 'pid': 26436}
{'username': 'VAIBHAV\\vaibh', 'name': 'chrome.exe', 'pid': 26828}
{'username': 'VAIBHAV\\vaibh', 'name': 'Code.exe', 'pid': 27640}
{'username': 'VAIBHAV\\vaibh', 'name': 'WhatsApp.Root.exe', 'pid': 27856}
{'username': 'VAIBHAV\\vaibh', 'name': 'Code.exe', 'pid': 28052}
{'username': 'VAIBHAV\\vaibh', 'name': 'LenovoVantage-(GenericMessagingAddin).exe', 'pid': 28080}
{'username': 'VAIBHAV\\vaibh', 'name': 'msedgewebview2.exe', 'pid': 28092}
{'username': 'VAIBHAV\\vaibh', 'name': 'ShellHost.exe', 'pid': 28196}
{'username': 'VAIBHAV\\vaibh', 'name': 'svchost.exe', 'pid': 28752}
{'username': 'VAIBHAV\\vaibh', 'name': 'msedgewebview2.exe', 'pid': 28984}
{'username': 'VAIBHAV\\vaibh', 'name': 'msedgewebview2.exe', 'pid': 29204}
{'username': 'VAIBHAV\\vaibh', 'name': 'cmd.exe', 'pid': 29256}
{'username': None, 'name': 'OfficeClickToRun.exe', 'pid': 29296}
{'username': 'VAIBHAV\\vaibh', 'name': 'FnHotkeyUtility.exe', 'pid': 29328}
{'username': None, 'name': 'McUICnt.exe', 'pid': 29476}
{'username': None, 'name': 'svchost.exe', 'pid': 29492}
{'username': 'VAIBHAV\\vaibh', 'name': 'pet.exe', 'pid': 29548}
{'username': 'VAIBHAV\\vaibh', 'name': 'pet.exe', 'pid': 29832}
{'username': 'VAIBHAV\\vaibh', 'name': 'svchost.exe', 'pid': 29884}
{'username': 'VAIBHAV\\vaibh', 'name': 'python.exe', 'pid': 29996}
{'username': 'VAIBHAV\\vaibh', 'name': 'chrome.exe', 'pid': 30040}
{'username': 'VAIBHAV\\vaibh', 'name': 'chrome.exe', 'pid': 30188}
{'username': 'VAIBHAV\\vaibh', 'name': 'mscopilot.exe', 'pid': 30228}
{'username': 'VAIBHAV\\vaibh', 'name': 'chrome.exe', 'pid': 30248}
{'username': 'VAIBHAV\\vaibh', 'name': 'msedgewebview2.exe', 'pid': 30276}
{'username': 'VAIBHAV\\vaibh', 'name': 'conhost.exe', 'pid': 30476}
{'username': 'VAIBHAV\\vaibh', 'name': 'mscopilot.exe', 'pid': 30812}
{'username': 'VAIBHAV\\vaibh', 'name': 'RtkAudUService64.exe', 'pid': 30864}
{'username': 'VAIBHAV\\vaibh', 'name': 'Widgets.exe', 'pid': 30964}
{'username': 'VAIBHAV\\vaibh', 'name': 'RuntimeBroker.exe', 'pid': 30992}
{'username': 'VAIBHAV\\vaibh', 'name': 'OneDrive.Sync.Service.exe', 'pid': 31316}
{'username': 'VAIBHAV\\vaibh', 'name': 'msedgewebview2.exe', 'pid': 31340}
{'username': 'VAIBHAV\\vaibh', 'name': 'conhost.exe', 'pid': 31512}
{'username': 'VAIBHAV\\vaibh', 'name': 'UserOOBEBroker.exe', 'pid': 31560}
{'username': 'VAIBHAV\\vaibh', 'name': 'CrossDeviceResume.exe', 'pid': 31704}
{'username': 'VAIBHAV\\vaibh', 'name': 'Code.exe', 'pid': 31920}
{'username': 'VAIBHAV\\vaibh', 'name': 'ctfmon.exe', 'pid': 32032}
{'username': None, 'name': 'Lenovo.Modern.ImController.PluginHost.Device.exe', 'pid': 32164}
{'username': 'VAIBHAV\\vaibh', 'name': 'explorer.exe', 'pid': 32328}
{'username': None, 'name': 'dwm.exe', 'pid': 32348}
{'username': None, 'name': 'servicehost.exe', 'pid': 32400}
{'username': 'VAIBHAV\\vaibh', 'name': 'chrome.exe', 'pid': 32456}
{'username': 'VAIBHAV\\vaibh', 'name': 'chrome.exe', 'pid': 32544}
{'username': 'VAIBHAV\\vaibh', 'name': 'chrome.exe', 'pid': 32864}
{'username': 'VAIBHAV\\vaibh', 'name': 'msedgewebview2.exe', 'pid': 33012}
{'username': 'VAIBHAV\\vaibh', 'name': 'OpenConsole.exe', 'pid': 33172}
{'username': 'VAIBHAV\\vaibh', 'name': 'msedge.exe', 'pid': 33180}
{'username': 'VAIBHAV\\vaibh', 'name': 'crashpad_handler.exe', 'pid': 33192}
{'username': 'VAIBHAV\\vaibh', 'name': 'Code.exe', 'pid': 33208}
{'username': 'VAIBHAV\\vaibh', 'name': 'ipf_helper.exe', 'pid': 33304}
{'username': 'VAIBHAV\\vaibh', 'name': 'msedgewebview2.exe', 'pid': 33896}
{'username': 'VAIBHAV\\vaibh', 'name': 'chrome.exe', 'pid': 34008}
{'username': 'VAIBHAV\\vaibh', 'name': 'unsecapp.exe', 'pid': 34244}
{'username': None, 'name': 'WmiPrvSE.exe', 'pid': 34424}
{'username': 'VAIBHAV\\vaibh', 'name': 'cmd.exe', 'pid': 34572}
{'username': 'VAIBHAV\\vaibh', 'name': 'SecurityHealthSystray.exe', 'pid': 34640}
{'username': 'VAIBHAV\\vaibh', 'name': 'browserhost.exe', 'pid': 34752}
{'username': 'VAIBHAV\\vaibh', 'name': 'AppActions.exe', 'pid': 35096}
{'username': 'VAIBHAV\\vaibh', 'name': 'MessagingPlugin.exe', 'pid': 35192}
{'username': 'VAIBHAV\\vaibh', 'name': 'cmd.exe', 'pid': 35372}
{'username': 'VAIBHAV\\vaibh', 'name': 'taskhostw.exe', 'pid': 35572}
{'username': 'VAIBHAV\\vaibh', 'name': 'Code.exe', 'pid': 35936}
{'username': 'VAIBHAV\\vaibh', 'name': 'chrome.exe', 'pid': 35992}
{'username': 'VAIBHAV\\vaibh', 'name': 'conhost.exe', 'pid': 36168}
{'username': 'VAIBHAV\\vaibh', 'name': 'msedgewebview2.exe', 'pid': 36276}
{'username': 'VAIBHAV\\vaibh', 'name': 'Code.exe', 'pid': 36376}
{'username': 'VAIBHAV\\vaibh', 'name': 'MoNotificationUx.exe', 'pid': 36416}
{'username': 'VAIBHAV\\vaibh', 'name': 'msedgewebview2.exe', 'pid': 36456}
{'username': None, 'name': 'DAX3API.exe', 'pid': 36736}
{'username': 'VAIBHAV\\vaibh', 'name': 'FnHotkeyCapsLKNumLK.exe', 'pid': 37088}
{'username': 'VAIBHAV\\vaibh', 'name': 'EpicWebHelper.exe', 'pid': 37140}
{'username': 'VAIBHAV\\vaibh', 'name': 'RuntimeBroker.exe', 'pid': 37164}
{'username': 'VAIBHAV\\vaibh', 'name': 'Code.exe', 'pid': 37396}
{'username': 'VAIBHAV\\vaibh', 'name': 'msedgewebview2.exe', 'pid': 37632}
{'username': 'VAIBHAV\\vaibh', 'name': 'svchost.exe', 'pid': 37748}
{'username': 'VAIBHAV\\vaibh', 'name': 'msedgewebview2.exe', 'pid': 37764}
{'username': 'VAIBHAV\\vaibh', 'name': 'msedge.exe', 'pid': 37808}
{'username': 'VAIBHAV\\vaibh', 'name': 'chrome.exe', 'pid': 37816}
